INFO:    User not listed in /etc/subuid, trying root-mapped namespace
INFO:    The %post section will be run under the fakeroot command
WARNING: SINGULARITY_CACHEDIR and APPTAINER_CACHEDIR have different values, using the latter
WARNING: 'nodev' mount option set on /nobackup/proj/disk, it could be a source of failure during build process
INFO:    Starting build...
INFO:    Fetching OCI image...
INFO:    Extracting OCI image...
2026/08/03 14:25:39  warn rootless{usr/bin/protoc} ignoring (usually) harmless EPERM on setxattr "user.rootlesscontainers"
2026/08/03 14:26:05  warn rootless{usr/lib/libabsl_bad_any_cast_impl.so} ignoring (usually) harmless EPERM on setxattr "user.rootlesscontainers"
2026/08/03 14:26:05  warn rootless{usr/lib/libabsl_bad_optional_access.so} ignoring (usually) harmless EPERM on setxattr "user.rootlesscontainers"
2026/08/03 14:26:05  warn rootless{usr/lib/libabsl_bad_variant_access.so} ignoring (usually) harmless EPERM on setxattr "user.rootlesscontainers"
2026/08/03 14:26:05  warn rootless{usr/lib/libabsl_base.so} ignoring (usually) harmless EPERM on setxattr "user.rootlesscontainers"
2026/08/03 14:26:05  warn rootless{usr/lib/libabsl_city.so} ignoring (usually) harmless EPERM on setxattr "user.rootlesscontainers"
2026/08/03 14:26:05  warn rootless{usr/lib/libabsl_civil_time.so} ignoring (usually) harmless EPERM on setxattr "user.rootlesscontainers"
2026/08/03 14:26:05  warn rootless{usr/lib/libabsl_cord.so} ignoring (usually) harmless EPERM on setxattr "user.rootlesscontainers"
2026/08/03 14:26:05  warn rootless{usr/lib/libabsl_cord_internal.so} ignoring (usually) harmless EPERM on setxattr "user.rootlesscontainers"
2026/08/03 14:26:05  warn rootless{usr/lib/libabsl_cordz_functions.so} ignoring (usually) harmless EPERM on setxattr "user.rootlesscontainers"
2026/08/03 14:26:05  warn rootless{usr/lib/libabsl_cordz_handle.so} ignoring (usually) harmless EPERM on setxattr "user.rootlesscontainers"
2026/08/03 14:26:05  warn rootless{usr/lib/libabsl_cordz_info.so} ignoring (usually) harmless EPERM on setxattr "user.rootlesscontainers"
2026/08/03 14:26:05  warn rootless{usr/lib/libabsl_cordz_sample_token.so} ignoring (usually) harmless EPERM on setxattr "user.rootlesscontainers"
2026/08/03 14:26:05  warn rootless{usr/lib/libabsl_crc32c.so} ignoring (usually) harmless EPERM on setxattr "user.rootlesscontainers"
2026/08/03 14:26:05  warn rootless{usr/lib/libabsl_crc_cord_state.so} ignoring (usually) harmless EPERM on setxattr "user.rootlesscontainers"
2026/08/03 14:26:05  warn rootless{usr/lib/libabsl_crc_cpu_detect.so} ignoring (usually) harmless EPERM on setxattr "user.rootlesscontainers"
2026/08/03 14:26:05  warn rootless{usr/lib/libabsl_crc_internal.so} ignoring (usually) harmless EPERM on setxattr "user.rootlesscontainers"
2026/08/03 14:26:05  warn rootless{usr/lib/libabsl_debugging_internal.so} ignoring (usually) harmless EPERM on setxattr "user.rootlesscontainers"
2026/08/03 14:26:05  warn rootless{usr/lib/libabsl_demangle_internal.so} ignoring (usually) harmless EPERM on setxattr "user.rootlesscontainers"
2026/08/03 14:26:05  warn rootless{usr/lib/libabsl_die_if_null.so} ignoring (usually) harmless EPERM on setxattr "user.rootlesscontainers"
2026/08/03 14:26:05  warn rootless{usr/lib/libabsl_examine_stack.so} ignoring (usually) harmless EPERM on setxattr "user.rootlesscontainers"
2026/08/03 14:26:05  warn rootless{usr/lib/libabsl_exponential_biased.so} ignoring (usually) harmless EPERM on setxattr "user.rootlesscontainers"
2026/08/03 14:26:05  warn rootless{usr/lib/libabsl_failure_signal_handler.so} ignoring (usually) harmless EPERM on setxattr "user.rootlesscontainers"
2026/08/03 14:26:05  warn rootless{usr/lib/libabsl_flags.so} ignoring (usually) harmless EPERM on setxattr "user.rootlesscontainers"
2026/08/03 14:26:05  warn rootless{usr/lib/libabsl_flags_commandlineflag.so} ignoring (usually) harmless EPERM on setxattr "user.rootlesscontainers"
2026/08/03 14:26:05  warn rootless{usr/lib/libabsl_flags_commandlineflag_internal.so} ignoring (usually) harmless EPERM on setxattr "user.rootlesscontainers"
2026/08/03 14:26:05  warn rootless{usr/lib/libabsl_flags_config.so} ignoring (usually) harmless EPERM on setxattr "user.rootlesscontainers"
2026/08/03 14:26:05  warn rootless{usr/lib/libabsl_flags_internal.so} ignoring (usually) harmless EPERM on setxattr "user.rootlesscontainers"
2026/08/03 14:26:05  warn rootless{usr/lib/libabsl_flags_marshalling.so} ignoring (usually) harmless EPERM on setxattr "user.rootlesscontainers"
2026/08/03 14:26:05  warn rootless{usr/lib/libabsl_flags_parse.so} ignoring (usually) harmless EPERM on setxattr "user.rootlesscontainers"
2026/08/03 14:26:05  warn rootless{usr/lib/libabsl_flags_private_handle_accessor.so} ignoring (usually) harmless EPERM on setxattr "user.rootlesscontainers"
2026/08/03 14:26:05  warn rootless{usr/lib/libabsl_flags_program_name.so} ignoring (usually) harmless EPERM on setxattr "user.rootlesscontainers"
2026/08/03 14:26:05  warn rootless{usr/lib/libabsl_flags_reflection.so} ignoring (usually) harmless EPERM on setxattr "user.rootlesscontainers"
2026/08/03 14:26:05  warn rootless{usr/lib/libabsl_flags_usage.so} ignoring (usually) harmless EPERM on setxattr "user.rootlesscontainers"
2026/08/03 14:26:05  warn rootless{usr/lib/libabsl_flags_usage_internal.so} ignoring (usually) harmless EPERM on setxattr "user.rootlesscontainers"
2026/08/03 14:26:05  warn rootless{usr/lib/libabsl_graphcycles_internal.so} ignoring (usually) harmless EPERM on setxattr "user.rootlesscontainers"
2026/08/03 14:26:05  warn rootless{usr/lib/libabsl_hash.so} ignoring (usually) harmless EPERM on setxattr "user.rootlesscontainers"
2026/08/03 14:26:05  warn rootless{usr/lib/libabsl_hashtablez_sampler.so} ignoring (usually) harmless EPERM on setxattr "user.rootlesscontainers"
2026/08/03 14:26:05  warn rootless{usr/lib/libabsl_int128.so} ignoring (usually) harmless EPERM on setxattr "user.rootlesscontainers"
2026/08/03 14:26:05  warn rootless{usr/lib/libabsl_kernel_timeout_internal.so} ignoring (usually) harmless EPERM on setxattr "user.rootlesscontainers"
2026/08/03 14:26:05  warn rootless{usr/lib/libabsl_leak_check.so} ignoring (usually) harmless EPERM on setxattr "user.rootlesscontainers"
2026/08/03 14:26:05  warn rootless{usr/lib/libabsl_log_entry.so} ignoring (usually) harmless EPERM on setxattr "user.rootlesscontainers"
2026/08/03 14:26:05  warn rootless{usr/lib/libabsl_log_flags.so} ignoring (usually) harmless EPERM on setxattr "user.rootlesscontainers"
2026/08/03 14:26:05  warn rootless{usr/lib/libabsl_log_globals.so} ignoring (usually) harmless EPERM on setxattr "user.rootlesscontainers"
2026/08/03 14:26:05  warn rootless{usr/lib/libabsl_log_initialize.so} ignoring (usually) harmless EPERM on setxattr "user.rootlesscontainers"
2026/08/03 14:26:05  warn rootless{usr/lib/libabsl_log_internal_check_op.so} ignoring (usually) harmless EPERM on setxattr "user.rootlesscontainers"
2026/08/03 14:26:05  warn rootless{usr/lib/libabsl_log_internal_conditions.so} ignoring (usually) harmless EPERM on setxattr "user.rootlesscontainers"
2026/08/03 14:26:05  warn rootless{usr/lib/libabsl_log_internal_format.so} ignoring (usually) harmless EPERM on setxattr "user.rootlesscontainers"
2026/08/03 14:26:05  warn rootless{usr/lib/libabsl_log_internal_globals.so} ignoring (usually) harmless EPERM on setxattr "user.rootlesscontainers"
2026/08/03 14:26:05  warn rootless{usr/lib/libabsl_log_internal_log_sink_set.so} ignoring (usually) harmless EPERM on setxattr "user.rootlesscontainers"
2026/08/03 14:26:05  warn rootless{usr/lib/libabsl_log_internal_message.so} ignoring (usually) harmless EPERM on setxattr "user.rootlesscontainers"
2026/08/03 14:26:05  warn rootless{usr/lib/libabsl_log_internal_nullguard.so} ignoring (usually) harmless EPERM on setxattr "user.rootlesscontainers"
2026/08/03 14:26:05  warn rootless{usr/lib/libabsl_log_internal_proto.so} ignoring (usually) harmless EPERM on setxattr "user.rootlesscontainers"
2026/08/03 14:26:05  warn rootless{usr/lib/libabsl_log_severity.so} ignoring (usually) harmless EPERM on setxattr "user.rootlesscontainers"
2026/08/03 14:26:05  warn rootless{usr/lib/libabsl_log_sink.so} ignoring (usually) harmless EPERM on setxattr "user.rootlesscontainers"
2026/08/03 14:26:05  warn rootless{usr/lib/libabsl_low_level_hash.so} ignoring (usually) harmless EPERM on setxattr "user.rootlesscontainers"
2026/08/03 14:26:05  warn rootless{usr/lib/libabsl_malloc_internal.so} ignoring (usually) harmless EPERM on setxattr "user.rootlesscontainers"
2026/08/03 14:26:05  warn rootless{usr/lib/libabsl_periodic_sampler.so} ignoring (usually) harmless EPERM on setxattr "user.rootlesscontainers"
2026/08/03 14:26:05  warn rootless{usr/lib/libabsl_random_distributions.so} ignoring (usually) harmless EPERM on setxattr "user.rootlesscontainers"
2026/08/03 14:26:05  warn rootless{usr/lib/libabsl_random_internal_distribution_test_util.so} ignoring (usually) harmless EPERM on setxattr "user.rootlesscontainers"
2026/08/03 14:26:05  warn rootless{usr/lib/libabsl_random_internal_platform.so} ignoring (usually) harmless EPERM on setxattr "user.rootlesscontainers"
2026/08/03 14:26:05  warn rootless{usr/lib/libabsl_random_internal_pool_urbg.so} ignoring (usually) harmless EPERM on setxattr "user.rootlesscontainers"
2026/08/03 14:26:05  warn rootless{usr/lib/libabsl_random_internal_randen.so} ignoring (usually) harmless EPERM on setxattr "user.rootlesscontainers"
2026/08/03 14:26:05  warn rootless{usr/lib/libabsl_random_internal_randen_hwaes.so} ignoring (usually) harmless EPERM on setxattr "user.rootlesscontainers"
2026/08/03 14:26:05  warn rootless{usr/lib/libabsl_random_internal_randen_hwaes_impl.so} ignoring (usually) harmless EPERM on setxattr "user.rootlesscontainers"
2026/08/03 14:26:05  warn rootless{usr/lib/libabsl_random_internal_randen_slow.so} ignoring (usually) harmless EPERM on setxattr "user.rootlesscontainers"
2026/08/03 14:26:05  warn rootless{usr/lib/libabsl_random_internal_seed_material.so} ignoring (usually) harmless EPERM on setxattr "user.rootlesscontainers"
2026/08/03 14:26:05  warn rootless{usr/lib/libabsl_random_seed_gen_exception.so} ignoring (usually) harmless EPERM on setxattr "user.rootlesscontainers"
2026/08/03 14:26:05  warn rootless{usr/lib/libabsl_random_seed_sequences.so} ignoring (usually) harmless EPERM on setxattr "user.rootlesscontainers"
2026/08/03 14:26:05  warn rootless{usr/lib/libabsl_raw_hash_set.so} ignoring (usually) harmless EPERM on setxattr "user.rootlesscontainers"
2026/08/03 14:26:05  warn rootless{usr/lib/libabsl_raw_logging_internal.so} ignoring (usually) harmless EPERM on setxattr "user.rootlesscontainers"
2026/08/03 14:26:05  warn rootless{usr/lib/libabsl_scoped_set_env.so} ignoring (usually) harmless EPERM on setxattr "user.rootlesscontainers"
2026/08/03 14:26:05  warn rootless{usr/lib/libabsl_spinlock_wait.so} ignoring (usually) harmless EPERM on setxattr "user.rootlesscontainers"
2026/08/03 14:26:05  warn rootless{usr/lib/libabsl_stacktrace.so} ignoring (usually) harmless EPERM on setxattr "user.rootlesscontainers"
2026/08/03 14:26:05  warn rootless{usr/lib/libabsl_status.so} ignoring (usually) harmless EPERM on setxattr "user.rootlesscontainers"
2026/08/03 14:26:05  warn rootless{usr/lib/libabsl_statusor.so} ignoring (usually) harmless EPERM on setxattr "user.rootlesscontainers"
2026/08/03 14:26:05  warn rootless{usr/lib/libabsl_str_format_internal.so} ignoring (usually) harmless EPERM on setxattr "user.rootlesscontainers"
2026/08/03 14:26:05  warn rootless{usr/lib/libabsl_strerror.so} ignoring (usually) harmless EPERM on setxattr "user.rootlesscontainers"
2026/08/03 14:26:05  warn rootless{usr/lib/libabsl_string_view.so} ignoring (usually) harmless EPERM on setxattr "user.rootlesscontainers"
2026/08/03 14:26:05  warn rootless{usr/lib/libabsl_strings.so} ignoring (usually) harmless EPERM on setxattr "user.rootlesscontainers"
2026/08/03 14:26:05  warn rootless{usr/lib/libabsl_strings_internal.so} ignoring (usually) harmless EPERM on setxattr "user.rootlesscontainers"
2026/08/03 14:26:05  warn rootless{usr/lib/libabsl_symbolize.so} ignoring (usually) harmless EPERM on setxattr "user.rootlesscontainers"
2026/08/03 14:26:05  warn rootless{usr/lib/libabsl_synchronization.so} ignoring (usually) harmless EPERM on setxattr "user.rootlesscontainers"
2026/08/03 14:26:05  warn rootless{usr/lib/libabsl_throw_delegate.so} ignoring (usually) harmless EPERM on setxattr "user.rootlesscontainers"
2026/08/03 14:26:05  warn rootless{usr/lib/libabsl_time.so} ignoring (usually) harmless EPERM on setxattr "user.rootlesscontainers"
2026/08/03 14:26:05  warn rootless{usr/lib/libabsl_time_zone.so} ignoring (usually) harmless EPERM on setxattr "user.rootlesscontainers"
2026/08/03 14:26:05  warn rootless{usr/lib/libaddress_sorting.so} ignoring (usually) harmless EPERM on setxattr "user.rootlesscontainers"
2026/08/03 14:26:06  warn rootless{usr/lib/libaddress_sorting.so.39} ignoring (usually) harmless EPERM on setxattr "user.rootlesscontainers"
2026/08/03 14:26:12  warn rootless{usr/lib/libdmlc.so} ignoring (usually) harmless EPERM on setxattr "user.rootlesscontainers"
2026/08/03 14:26:12  warn rootless{usr/lib/libdmlc.so.0} ignoring (usually) harmless EPERM on setxattr "user.rootlesscontainers"
2026/08/03 14:26:12  warn rootless{usr/lib/libfmt.so} ignoring (usually) harmless EPERM on setxattr "user.rootlesscontainers"
2026/08/03 14:26:12  warn rootless{usr/lib/libfmt.so.10} ignoring (usually) harmless EPERM on setxattr "user.rootlesscontainers"
2026/08/03 14:26:12  warn rootless{usr/lib/libgpr.so} ignoring (usually) harmless EPERM on setxattr "user.rootlesscontainers"
2026/08/03 14:26:12  warn rootless{usr/lib/libgpr.so.39} ignoring (usually) harmless EPERM on setxattr "user.rootlesscontainers"
2026/08/03 14:26:12  warn rootless{usr/lib/libgrpc++.so} ignoring (usually) harmless EPERM on setxattr "user.rootlesscontainers"
2026/08/03 14:26:12  warn rootless{usr/lib/libgrpc++.so.1.62} ignoring (usually) harmless EPERM on setxattr "user.rootlesscontainers"
2026/08/03 14:26:12  warn rootless{usr/lib/libgrpc++_alts.so} ignoring (usually) harmless EPERM on setxattr "user.rootlesscontainers"
2026/08/03 14:26:12  warn rootless{usr/lib/libgrpc++_alts.so.1.62} ignoring (usually) harmless EPERM on setxattr "user.rootlesscontainers"
2026/08/03 14:26:12  warn rootless{usr/lib/libgrpc++_error_details.so} ignoring (usually) harmless EPERM on setxattr "user.rootlesscontainers"
2026/08/03 14:26:12  warn rootless{usr/lib/libgrpc++_error_details.so.1.62} ignoring (usually) harmless EPERM on setxattr "user.rootlesscontainers"
2026/08/03 14:26:12  warn rootless{usr/lib/libgrpc++_reflection.so} ignoring (usually) harmless EPERM on setxattr "user.rootlesscontainers"
2026/08/03 14:26:12  warn rootless{usr/lib/libgrpc++_reflection.so.1.62} ignoring (usually) harmless EPERM on setxattr "user.rootlesscontainers"
2026/08/03 14:26:12  warn rootless{usr/lib/libgrpc++_unsecure.so} ignoring (usually) harmless EPERM on setxattr "user.rootlesscontainers"
2026/08/03 14:26:12  warn rootless{usr/lib/libgrpc++_unsecure.so.1.62} ignoring (usually) harmless EPERM on setxattr "user.rootlesscontainers"
2026/08/03 14:26:12  warn rootless{usr/lib/libgrpc.so} ignoring (usually) harmless EPERM on setxattr "user.rootlesscontainers"
2026/08/03 14:26:12  warn rootless{usr/lib/libgrpc.so.39} ignoring (usually) harmless EPERM on setxattr "user.rootlesscontainers"
2026/08/03 14:26:12  warn rootless{usr/lib/libgrpc_authorization_provider.so} ignoring (usually) harmless EPERM on setxattr "user.rootlesscontainers"
2026/08/03 14:26:12  warn rootless{usr/lib/libgrpc_authorization_provider.so.1.62} ignoring (usually) harmless EPERM on setxattr "user.rootlesscontainers"
2026/08/03 14:26:12  warn rootless{usr/lib/libgrpc_plugin_support.so} ignoring (usually) harmless EPERM on setxattr "user.rootlesscontainers"
2026/08/03 14:26:12  warn rootless{usr/lib/libgrpc_plugin_support.so.1.62} ignoring (usually) harmless EPERM on setxattr "user.rootlesscontainers"
2026/08/03 14:26:12  warn rootless{usr/lib/libgrpc_unsecure.so} ignoring (usually) harmless EPERM on setxattr "user.rootlesscontainers"
2026/08/03 14:26:12  warn rootless{usr/lib/libgrpc_unsecure.so.39} ignoring (usually) harmless EPERM on setxattr "user.rootlesscontainers"
2026/08/03 14:26:12  warn rootless{usr/lib/libgrpcpp_channelz.so} ignoring (usually) harmless EPERM on setxattr "user.rootlesscontainers"
2026/08/03 14:26:12  warn rootless{usr/lib/libgrpcpp_channelz.so.1.62} ignoring (usually) harmless EPERM on setxattr "user.rootlesscontainers"
2026/08/03 14:26:12  warn rootless{usr/lib/libnvcomp.so} ignoring (usually) harmless EPERM on setxattr "user.rootlesscontainers"
2026/08/03 14:26:12  warn rootless{usr/lib/libnvcomp.so.4} ignoring (usually) harmless EPERM on setxattr "user.rootlesscontainers"
2026/08/03 14:26:13  warn rootless{usr/lib/libnvcomp_cpu.so} ignoring (usually) harmless EPERM on setxattr "user.rootlesscontainers"
2026/08/03 14:26:13  warn rootless{usr/lib/libnvcomp_cpu.so.4} ignoring (usually) harmless EPERM on setxattr "user.rootlesscontainers"
2026/08/03 14:26:13  warn rootless{usr/lib/libprotobuf-lite.so} ignoring (usually) harmless EPERM on setxattr "user.rootlesscontainers"
2026/08/03 14:26:13  warn rootless{usr/lib/libprotobuf.so} ignoring (usually) harmless EPERM on setxattr "user.rootlesscontainers"
2026/08/03 14:26:13  warn rootless{usr/lib/libprotoc.so} ignoring (usually) harmless EPERM on setxattr "user.rootlesscontainers"
2026/08/03 14:26:13  warn rootless{usr/lib/libupb_base_lib.so} ignoring (usually) harmless EPERM on setxattr "user.rootlesscontainers"
2026/08/03 14:26:13  warn rootless{usr/lib/libupb_base_lib.so.39} ignoring (usually) harmless EPERM on setxattr "user.rootlesscontainers"
2026/08/03 14:26:13  warn rootless{usr/lib/libupb_json_lib.so} ignoring (usually) harmless EPERM on setxattr "user.rootlesscontainers"
2026/08/03 14:26:13  warn rootless{usr/lib/libupb_json_lib.so.39} ignoring (usually) harmless EPERM on setxattr "user.rootlesscontainers"
2026/08/03 14:26:13  warn rootless{usr/lib/libupb_mem_lib.so} ignoring (usually) harmless EPERM on setxattr "user.rootlesscontainers"
2026/08/03 14:26:13  warn rootless{usr/lib/libupb_mem_lib.so.39} ignoring (usually) harmless EPERM on setxattr "user.rootlesscontainers"
2026/08/03 14:26:13  warn rootless{usr/lib/libupb_message_lib.so} ignoring (usually) harmless EPERM on setxattr "user.rootlesscontainers"
2026/08/03 14:26:13  warn rootless{usr/lib/libupb_message_lib.so.39} ignoring (usually) harmless EPERM on setxattr "user.rootlesscontainers"
2026/08/03 14:26:13  warn rootless{usr/lib/libupb_textformat_lib.so} ignoring (usually) harmless EPERM on setxattr "user.rootlesscontainers"
2026/08/03 14:26:13  warn rootless{usr/lib/libupb_textformat_lib.so.39} ignoring (usually) harmless EPERM on setxattr "user.rootlesscontainers"
2026/08/03 14:26:13  warn rootless{usr/lib/libutf8_range_lib.so} ignoring (usually) harmless EPERM on setxattr "user.rootlesscontainers"
2026/08/03 14:26:13  warn rootless{usr/lib/libutf8_range_lib.so.39} ignoring (usually) harmless EPERM on setxattr "user.rootlesscontainers"
INFO:    Inserting Apptainer configuration...
INFO:    Adding labels
WARNING: Label: org.opencontainers.image.version already exists and force option is false, not overwriting
INFO:    Adding environment to container
INFO:    Adding runscript
INFO:    Adding testscript
INFO:    Running testscript
aarch64 2.8.0a0+34c6371d24.nv25.08
INFO:    Creating SIF file...
INFO:    Build complete: /nobackup/proj/disk/theo-storage/personal/jalil/iPIN-OpenPPI/containers/images/ipin-qual-arm64_0.1.0.sif
