2026-09-18T22:48:26.273878+00:00 starting prepare; pre-existing embeddings are prohibited
Fetching fresh UniProt sequences for 1829 accessions (46 requests)
UniProt requests complete: 1/46
UniProt requests complete: 2/46
UniProt requests complete: 3/46
UniProt requests complete: 4/46
UniProt requests complete: 5/46
UniProt requests complete: 6/46
UniProt requests complete: 7/46
UniProt requests complete: 8/46
UniProt requests complete: 9/46
UniProt requests complete: 10/46
UniProt requests complete: 11/46
UniProt requests complete: 12/46
UniProt requests complete: 13/46
UniProt requests complete: 14/46
UniProt requests complete: 15/46
UniProt requests complete: 16/46
UniProt requests complete: 17/46
UniProt requests complete: 18/46
UniProt requests complete: 19/46
UniProt requests complete: 20/46
UniProt requests complete: 21/46
UniProt requests complete: 22/46
UniProt requests complete: 23/46
UniProt requests complete: 24/46
UniProt requests complete: 25/46
UniProt requests complete: 26/46
UniProt requests complete: 27/46
UniProt requests complete: 28/46
UniProt requests complete: 29/46
UniProt requests complete: 30/46
UniProt requests complete: 31/46
UniProt requests complete: 32/46
UniProt requests complete: 33/46
UniProt requests complete: 34/46
UniProt requests complete: 35/46
UniProt requests complete: 36/46
UniProt requests complete: 37/46
UniProt requests complete: 38/46
UniProt requests complete: 39/46
UniProt requests complete: 40/46
UniProt requests complete: 41/46
UniProt requests complete: 42/46
UniProt requests complete: 43/46
UniProt requests complete: 44/46
UniProt requests complete: 45/46
UniProt requests complete: 46/46
{'pairs': 1919, 'accessions': 1829, 'unique_sequences': 1829, 'total_residues': 1165157, 'maximum_sequence_length': 4061, 'elapsed_seconds': 29.84599039100067}
2026-09-18T22:48:56.121972+00:00 completed prepare
