WARNING: Not virtualizing pid namespace by configuration
test_bootstrap_paired (test_study.StudyTests.test_bootstrap_paired) ... ok
test_credit_sum (test_study.StudyTests.test_credit_sum) ... ok
test_cutoff_ties (test_study.StudyTests.test_cutoff_ties) ... ok
test_duplicate_token_rejected (test_study.StudyTests.test_duplicate_token_rejected) ... ok
test_earliest_checkpoint_tie (test_study.StudyTests.test_earliest_checkpoint_tie) ... ok
test_early_U_upweighted (test_study.StudyTests.test_early_U_upweighted) ... ok
test_independent_metrics (test_study.StudyTests.test_independent_metrics) ... ok
test_macro_EF (test_study.StudyTests.test_macro_EF) ... ok
test_matched_samples (test_study.StudyTests.test_matched_samples) ... ok
test_no_tie_weights (test_study.StudyTests.test_no_tie_weights) ... ok
test_output_guard (test_study.StudyTests.test_output_guard) ... ok
test_same_query_membership (test_study.StudyTests.test_same_query_membership) ... ok
test_scheduler (test_study.StudyTests.test_scheduler) ... ok
test_self_orientation_once (test_study.StudyTests.test_self_orientation_once) ... ok
test_shortlist_normalization (test_study.StudyTests.test_shortlist_normalization) ... ok
test_symmetric_network (test_study.StudyTests.test_symmetric_network) ... ok
test_tie_metrics_brute_force (test_study.StudyTests.test_tie_metrics_brute_force) ... ok
test_token_join (test_study.StudyTests.test_token_join) ... ok

----------------------------------------------------------------------
Ran 18 tests in 0.233s

OK
{"at_utc": "2026-09-19T13:21:17.864031+00:00", "tests": 18, "environment": {"torch": "2.8.0a0+34c6371d24.nv25.08", "numpy": "1.26.4", "cuda": "13.0", "device": "NVIDIA GH200 120GB", "deterministic": true, "tf32": false}, "historical_prediction_max_abs_error": 0.0, "exact_pair_symmetry": true, "finite_gradient": true, "train_queries": 4675, "train_candidates_min": 775, "train_candidates_median": 862.0, "train_candidates_max": 1062, "test_labels_accessed": false}
qualify completed in 2.93 s
